###############################################################################
#
# IAR ELF Linker V8.50.9.278/W32 for ARM                  18/Jan/2021  22:52:21
# Copyright 2007-2020 IAR Systems AB.
#
#    Output file  =  F:\ACAD\CS\ES\Lab-1\Debug\Exe\Exp1.out
#    Map file     =  F:\ACAD\CS\ES\Lab-1\Debug\List\Exp1.map
#    Command line =
#        -f C:\Users\User\AppData\Local\Temp\EW14ED.tmp
#        (F:\ACAD\CS\ES\Lab-1\Debug\Obj\main.o --no_out_extension -o
#        F:\ACAD\CS\ES\Lab-1\Debug\Exe\Exp1.out --redirect
#        _Printf=_PrintfFullNoMb --redirect _Scanf=_ScanfFullNoMb --map
#        F:\ACAD\CS\ES\Lab-1\Debug\List\Exp1.map --config "C:\Program Files
#        (x86)\IAR Systems\Embedded Workbench
#        8.4\arm\config\linker\TexasInstruments\TM4C123GH6.icf" --semihosting
#        --entry __iar_program_start --vfe --text_out locale)
#
###############################################################################

*******************************************************************************
*** RUNTIME MODEL ATTRIBUTES
***

CppFlavor       = *
__SystemLibrary = DLib
__dlib_version  = 6


*******************************************************************************
*** HEAP SELECTION
***

The basic heap was selected because some modules are built with
size limitations (and not runtime checking), and --advanced_heap
was not specified.


*******************************************************************************
*** PLACEMENT SUMMARY
***

"A0":  place at address 0x0 { ro section .intvec };
"P1":  place in [from 0x0 to 0x3'ffff] { ro };
define block CSTACK with size = 4K, alignment = 8 { };
define block HEAP with size = 8K, alignment = 8 { };
"P2":  place in [from 0x2000'0000 to 0x2000'7fff] {
          rw, block CSTACK, block HEAP };

No sections matched the following patterns:

  rw  in "P2"


  Section   Kind         Address    Size  Object
  -------   ----         -------    ----  ------
"A0":                               0x40
  .intvec   ro code          0x0    0x40  vector_table_M.o [3]
                          - 0x40    0x40

"P1":                               0xd4
  .text     ro code         0x40    0x70  main.o [1]
  .text     ro code         0xb0    0x1e  cmain.o [3]
  .text     ro code         0xce     0x4  low_level_init.o [2]
  .text     ro code         0xd2     0x4  exit.o [2]
  .text     ro code         0xd6     0x2  vector_table_M.o [3]
  .text     ro code         0xd8     0xa  cexit.o [3]
  .text     ro code         0xe4    0x14  exit.o [4]
  .text     ro code         0xf8    0x1c  cstartup_M.o [3]
                         - 0x114    0xd4

"P2":                             0x1000
  CSTACK             0x2000'0000  0x1000  <Block>
    CSTACK  uninit   0x2000'0000  0x1000  <Block tail>
                   - 0x2000'1000  0x1000

Unused ranges:

         From           To      Size
         ----           --      ----
        0x114     0x3'ffff  0x3'feec
  0x2000'1000  0x2000'7fff    0x7000



*******************************************************************************
*** MODULE SUMMARY
***

    Module            ro code  rw data
    ------            -------  -------
command line/config:
    ----------------------------------
    Total:

F:\ACAD\CS\ES\Lab-1\Debug\Obj: [1]
    main.o                112
    ----------------------------------
    Total:                112

dl7M_tln.a: [2]
    exit.o                  4
    low_level_init.o        4
    ----------------------------------
    Total:                  8

rt7M_tl.a: [3]
    cexit.o                10
    cmain.o                30
    cstartup_M.o           28
    vector_table_M.o       66
    ----------------------------------
    Total:                134

shb_l.a: [4]
    exit.o                 20
    ----------------------------------
    Total:                 20

    Gaps                    2
    Linker created               4'096
--------------------------------------
    Grand Total:          276    4'096


*******************************************************************************
*** ENTRY LIST
***

Entry                     Address  Size  Type      Object
-----                     -------  ----  ----      ------
?main                        0xb1        Code  Gb  cmain.o [3]
CSTACK$$Base          0x2000'0000         --   Gb  - Linker created -
CSTACK$$Limit         0x2000'1000         --   Gb  - Linker created -
Region$$Table$$Base           0x0         --   Gb  - Linker created -
Region$$Table$$Limit          0x0         --   Gb  - Linker created -
__cmain                      0xb1        Code  Gb  cmain.o [3]
__exit                       0xe5  0x14  Code  Gb  exit.o [4]
__iar_program_start          0xf9        Code  Gb  cstartup_M.o [3]
__low_level_init             0xcf   0x4  Code  Gb  low_level_init.o [2]
__vector_table                0x0        Data  Gb  vector_table_M.o [3]
_call_main                   0xbd        Code  Gb  cmain.o [3]
_exit                        0xd9        Code  Gb  cexit.o [3]
_main                        0xc7        Code  Gb  cmain.o [3]
delay_function               0x41  0x18  Code  Gb  main.o [1]
exit                         0xd3   0x4  Code  Gb  exit.o [2]
main                         0x59  0x42  Code  Gb  main.o [1]


[1] = F:\ACAD\CS\ES\Lab-1\Debug\Obj
[2] = dl7M_tln.a
[3] = rt7M_tl.a
[4] = shb_l.a

    276 bytes of readonly  code memory
  4'096 bytes of readwrite data memory

Errors: none
Warnings: none
